≡ƒÜÇ Starting Analytics Test Suite...
node : Login Failed Response: undefined
At line:1 char:1
+ node scripts/test-analytics-suite.js > 
test_output.txt 2>&1
+ ~~~~~~~~~~~~~~~~~~~~~~~~~~~~~~~~~~~~~~~~~~~~~~~~~
~~~~~~~~~~
    + CategoryInfo          : NotSpecified: (Login 
    Failed Response: undefined:String) [], Remote  
  Exception
    + FullyQualifiedErrorId : NativeCommandError
 
Testing 1. Login as Admin... Γ¥î FAIL
   Error: Error
Testing 2. Get Dashboard Overview... Γ¥î FAIL
   Error: Error
Testing 3. Revenue Analytics - Daily... Γ¥î FAIL
   Error: Error
Testing 4. Revenue Analytics - Weekly... Γ¥î FAIL
   Error: Error
Testing 5. Revenue Analytics - Monthly... Γ¥î FAIL
   Error: Error
Testing 6. Revenue Analytics - With Date Range... Γ¥î FAIL
   Error: Error
Testing 7. Product Analytics - All Metrics... Γ¥î FAIL
   Error: Error
Testing 8. Product Analytics - Top 5... Γ¥î FAIL
   Error: Error
Testing 9. Product Analytics - With Date Range... Γ¥î FAIL
   Error: Error
Testing 10. Customer Analytics - All Metrics... Γ¥î FAIL
   Error: Error
Testing 11. Customer Analytics - Top 20... Γ¥î FAIL
   Error: Error
Testing 12. Sales Trends - Last Week... Γ¥î FAIL
   Error: Error
Testing 13. Sales Trends - Last Month... Γ¥î FAIL
   Error: Error
Testing 14. Sales Trends - Last Quarter... Γ¥î FAIL
   Error: Error
Testing 15. Sales Trends - Last Year... Γ¥î FAIL
Testing 16. Export Report - CSV... Γ¥î FAIL
   Error: Error
   Error: Error
Testing 17. Export Report - JSON... Γ¥î FAIL
   Error: Error
Testing 18. Export Report - CSV with Date Range... Γ¥î FAIL
   Error: Error
Testing Auth Test - dashboard... Γ¥î FAIL
   Error: Expected values to be strictly equal:

undefined !== 401

Testing Auth Test - revenue... Γ¥î FAIL
   Error: Expected values to be strictly equal:

undefined !== 401

Testing Auth Test - products... Γ¥î FAIL
   Error: Expected values to be strictly equal:

undefined !== 401

Testing Auth Test - customers... Γ¥î FAIL
   Error: Expected values to be strictly equal:

undefined !== 401

Testing Auth Test - trends... Γ¥î FAIL
   Error: Expected values to be strictly equal:

undefined !== 401

Testing Auth Test - export... Γ¥î FAIL

≡ƒôè Test Summary
   Error: Expected values to be strictly equal:

undefined !== 401

Passed: 0
Failed: 24
Total: 24
